verible-verilog-lint: usage: verible-verilog-lint [options] <file> [<file>...]

  Flags from external/abseil-cpp~/absl/flags/parse.cc:
    --flagfile (comma-separated list of files to load flags from); default: ;
    --fromenv (comma-separated list of flags to set from the environment [use
      'export FLAGS_flag1=value']); default: ;
    --tryfromenv (comma-separated list of flags to try to set from the
      environment if present); default: ;
    --undefok (comma-separated list of flag names that it is okay to specify on
      the command line even if the program does not define a flag with that
      name); default: ;


  Flags from verible/verilog/analysis/verilog-linter.cc:
    --rules (Comma-separated of lint rules to enable. No prefix or a '+' prefix
      enables it, '-' disable it. Configuration values for each rules placed
      after '=' character.); default: ;
    --rules_config (Path to lint rules configuration file. Disables
      --rule_config_search if set.); default: "";
    --rules_config_search (Look for lint rules configuration file
      '.rules.verible_lint' searching upward from the location of each analyzed
      file.); default: false;
    --ruleset ([default|all|none], the base set of rules used by linter);
      default: default;
    --waiver_files (Path to waiver config files (comma-separated). Please refer
      to the README file for information about its format.); default: "";


  Flags from verible/verilog/parser/verilog-parser.cc:
    --verilog_trace_parser (Trace verilog parser); default: false;


  Flags from verible/verilog/tools/lint/verilog-lint.cc:
    --autofix (autofix mode; one of
      [no|patch-interactive|patch|inplace-interactive|inplace|generate-waiver]);
      default: no;
    --autofix_output_file (File to write a patch with autofixes to if
      --autofix=patch or --autofix=patch-interactive or a waiver file if
      --autofix=generate-waiver); default: "";
    --check_syntax (If true, check for lexical and syntax errors, otherwise
      ignore.); default: true;
    --generate_markdown (If true, print the description of every rule formatted
      for the Markdown and exit immediately. Intended for the output to be
      written to a snippet of Markdown.); default: false;
    --help_rules ([all|<rule-name>], print the description of one rule/all rules
      and exit immediately.); default: "";
    --lint_fatal (If true, exit nonzero if linter finds violations.);
      default: true;
    --parse_fatal (If true, exit nonzero if there are any syntax errors.);
      default: true;
    --print_rules_file (Print the current set of lint rules in a format that can
      be used to create a lint rules configuration file (i.e.
      .rules.verible_lint) and exit immediately.); default: false;
    --show_diagnostic_context (prints an additional line on which the diagnostic
      was found,followed by a line with a position marker); default: false;

Try --helpfull to get a list of all flags or --help=substring shows help for
flags which include specified substring in either in the name, or description or
path.
